src/components/CalendarWidget.tsx(284,29): error TS6133: 'label' is declared but its value is never read.
src/components/CalendarWidget.tsx(320,66): error TS7053: Element implicitly has an 'any' type because expression of type 'string' can't be used to index type '{ critical: string; high: string; medium: string; low: string; }'.
  No index signature with a parameter of type 'string' was found on type '{ critical: string; high: string; medium: string; low: string; }'.
src/components/ControlPanel.tsx(14,66): error TS6133: 'market' is declared but its value is never read.
src/components/CreditDashboard.tsx(12,29): error TS2305: Module '"../types"' has no exported member 'LoanInfo'.
src/components/CreditDashboard.tsx(12,39): error TS6196: 'PaymentRecord' is declared but never used.
src/components/CreditDashboard.tsx(80,18): error TS7053: Element implicitly has an 'any' type because expression of type 'string' can't be used to index type '{ excellent: { bg: string; text: string; glow: string; }; good: { bg: string; text: string; glow: string; }; fair: { bg: string; text: string; glow: string; }; poor: { bg: string; text: string; glow: string; }; very_poor: { ...; }; }'.
  No index signature with a parameter of type 'string' was found on type '{ excellent: { bg: string; text: string; glow: string; }; good: { bg: string; text: string; glow: string; }; fair: { bg: string; text: string; glow: string; }; poor: { bg: string; text: string; glow: string; }; very_poor: { ...; }; }'.
src/components/CreditDashboard.tsx(180,51): error TS2339: Property 'payment_id' does not exist on type 'PaymentRecord'.
src/components/CreditDashboard.tsx(186,92): error TS2339: Property 'description' does not exist on type 'PaymentRecord'.
src/components/CreditDashboard.tsx(191,107): error TS2339: Property 'amount' does not exist on type 'PaymentRecord'.
src/components/CreditDashboard.tsx(193,80): error TS2339: Property 'payment_id' does not exist on type 'PaymentRecord'.
src/components/CreditDashboard.tsx(193,100): error TS2339: Property 'amount' does not exist on type 'PaymentRecord'.
src/components/CreditDashboard.tsx(218,59): error TS2339: Property 'payment_id' does not exist on type 'PaymentRecord'.
src/components/CreditDashboard.tsx(224,62): error TS2339: Property 'description' does not exist on type 'PaymentRecord'.
src/components/CreditDashboard.tsx(228,59): error TS2339: Property 'amount' does not exist on type 'PaymentRecord'.
src/components/dashboard/Dashboard.tsx(1,1): error TS6133: 'React' is declared but its value is never read.
src/components/dashboard/Dashboard.tsx(15,9): error TS6133: 'playerId' is declared but its value is never read.
src/components/DebugPanel.tsx(16,36): error TS2339: Property 'components' does not exist on type 'SocialScore'.
src/components/finance/FinancePanel.tsx(206,36): error TS2339: Property 'loan_id' does not exist on type 'Loan'.
src/components/finance/FinancePanel.tsx(208,68): error TS2339: Property 'loan_type' does not exist on type 'Loan'.
src/components/finance/FinancePanel.tsx(210,48): error TS2339: Property 'remaining_balance' does not exist on type 'Loan'.
src/components/finance/FinancePanel.tsx(214,32): error TS2339: Property 'interest_rate' does not exist on type 'Loan'.
src/components/scoreboard/Scoreboard.tsx(3,5): error TS6133: 'TrendingUp' is declared but its value is never read.
src/components/scoreboard/Scoreboard.tsx(36,32): error TS6133: 'i' is declared but its value is never read.
src/components/scoreboard/Scoreboard.tsx(115,54): error TS7053: Element implicitly has an 'any' type because expression of type 'string' can't be used to index type '{ business: number; social: number; ethics: number; strategy: number; adaptive: number; }'.
  No index signature with a parameter of type 'string' was found on type '{ business: number; social: number; ethics: number; strategy: number; adaptive: number; }'.
src/components/social/SocialDashboard.tsx(74,25): error TS2339: Property 'components' does not exist on type 'SocialScore | { total_score: never; components: {}; tier_info: { tier_name: string; badge: string; benefits: string[]; penalties: string[]; }; }'.
  Property 'components' does not exist on type 'SocialScore'.
src/components/social/SocialDashboard.tsx(75,40): error TS2339: Property 'components' does not exist on type 'SocialScore | { total_score: never; components: {}; tier_info: { tier_name: string; badge: string; benefits: string[]; penalties: string[]; }; }'.
  Property 'components' does not exist on type 'SocialScore'.
src/components/social/SocialDashboard.tsx(91,53): error TS18046: 'value' is of type 'unknown'.
src/components/social/SocialDashboard.tsx(160,51): error TS2339: Property 'toFixed' does not exist on type 'never'.
src/components/SocialScoreCard.tsx(19,24): error TS2339: Property 'components' does not exist on type 'SocialScore'.
src/components/vendors/VendorHub.tsx(4,5): error TS6133: 'Truck' is declared but its value is never read.
src/components/vendors/VendorHub.tsx(6,5): error TS6133: 'DollarSign' is declared but its value is never read.
src/components/vendors/VendorHub.tsx(22,47): error TS6133: 'gameState' is declared but its value is never read.
src/components/vendors/VendorHub.tsx(84,37): error TS2367: This comparison appears to be unintentional because the types 'string' and 'number' have no overlap.
src/components/vendors/VendorHub.tsx(85,41): error TS2367: This comparison appears to be unintentional because the types 'string' and 'number' have no overlap.
src/components/vendors/VendorHub.tsx(86,45): error TS2367: This comparison appears to be unintentional because the types 'string' and 'number' have no overlap.
src/components/vendors/VendorHub.tsx(89,79): error TS2362: The left-hand side of an arithmetic operation must be of type 'any', 'number', 'bigint' or an enum type.
src/components/vendors/VendorHub.tsx(108,89): error TS2339: Property 'sustainability' does not exist on type 'Vendor'.
src/components/vendors/VendorHub.tsx(115,79): error TS2339: Property 'description' does not exist on type 'Vendor'.
src/components/vendors/VendorHub.tsx(120,45): error TS2339: Property 'base_prices' does not exist on type 'Vendor'.
src/components/vendors/VendorHub.tsx(120,82): error TS2339: Property 'base_prices' does not exist on type 'Vendor'.
src/components/vendors/VendorHub.tsx(143,41): error TS2339: Property 'risks' does not exist on type 'Vendor'.
src/components/vendors/VendorHub.tsx(143,57): error TS2339: Property 'risks' does not exist on type 'Vendor'.
src/components/vendors/VendorHub.tsx(146,87): error TS2339: Property 'risks' does not exist on type 'Vendor'.
src/LandingPage.tsx(1,1): error TS6133: 'useState' is declared but its value is never read.
src/types.ts(8,13): error TS1294: This syntax is not allowed when 'erasableSyntaxOnly' is enabled.
src/types.ts(18,13): error TS1294: This syntax is not allowed when 'erasableSyntaxOnly' is enabled.
src/types.ts(26,13): error TS1294: This syntax is not allowed when 'erasableSyntaxOnly' is enabled.
src/types.ts(32,13): error TS1294: This syntax is not allowed when 'erasableSyntaxOnly' is enabled.
src/types.ts(41,13): error TS1294: This syntax is not allowed when 'erasableSyntaxOnly' is enabled.
src/types.ts(49,13): error TS1294: This syntax is not allowed when 'erasableSyntaxOnly' is enabled.
src/types.ts(62,13): error TS1294: This syntax is not allowed when 'erasableSyntaxOnly' is enabled.
