============================= test session starts =============================
platform win32 -- Python 3.14.2, pytest-9.0.2, pluggy-1.6.0 -- C:\Users\dickdick\AppData\Local\Python\pythoncore-3.14-64\python.exe
cachedir: .pytest_cache
rootdir: E:\projects\repo_mat\matbench.worktrees\new2
configfile: pytest.ini
testpaths: .test
plugins: anyio-4.12.0, typeguard-4.4.4
collecting ... collected 2 items / 1 error

=================================== ERRORS ====================================
___________ ERROR collecting .test/src/server/test_server_smoke.py ____________
.test\src\server\test_server_smoke.py:2: in <module>
    from src.server import app
src\server.py:126: in <module>
    game = GameWrapper()
           ^^^^^^^^^^^^^
src\server.py:85: in __init__
    self.engine = EnhancedGameEngine(["p1", "p2", "p3"])
                  ^^^^^^^^^^^^^^^^^^^^^^^^^^^^^^^^^^^^^^
src\engine\enhanced_engine.py:51: in __init__
    self.engine = GameEngine(agent_ids)
                  ^^^^^^^^^^^^^^^^^^^^^
src\engine\game_engine.py:30: in __init__
    agent_id: LaundromatState(name=f"Laundromat {agent_id}", id=agent_id)
              ^^^^^^^^^^^^^^^^^^^^^^^^^^^^^^^^^^^^^^^^^^^^^^^^^^^^^^^^^^^
E   pydantic.errors.PydanticUserError: `LaundromatState` is not fully defined; you should define `Ticket`, then call `LaundromatState.model_rebuild()`.
E   
E   For further information visit https://errors.pydantic.dev/2.12/u/class-not-fully-defined
============================== warnings summary ===============================
C:\Users\dickdick\AppData\Local\Python\pythoncore-3.14-64\Lib\site-packages\_pytest\config\__init__.py:1428
  C:\Users\dickdick\AppData\Local\Python\pythoncore-3.14-64\Lib\site-packages\_pytest\config\__init__.py:1428: PytestConfigWarning: Unknown config option: max_line_length
  
    self._warn_or_fail_if_strict(f"Unknown config option: {key}\n")

C:\Users\dickdick\AppData\Local\Python\pythoncore-3.14-64\Lib\site-packages\google\genai\types.py:43
  C:\Users\dickdick\AppData\Local\Python\pythoncore-3.14-64\Lib\site-packages\google\genai\types.py:43: DeprecationWarning: '_UnionGenericAlias' is deprecated and slated for removal in Python 3.17
    VersionedUnionType = Union[builtin_types.UnionType, _UnionGenericAlias]

-- Docs: https://docs.pytest.org/en/stable/how-to/capture-warnings.html
=========================== short test summary info ===========================
ERROR .test/src/server/test_server_smoke.py - pydantic.errors.PydanticUserErr...
!!!!!!!!!!!!!!!!!!! Interrupted: 1 error during collection !!!!!!!!!!!!!!!!!!!!
======================== 2 warnings, 1 error in 1.13s =========================
